Error: cyclic dependency tree. Root path: /home/tomasz/proyectos/haskell/flow/test/lang/src/cyclicDep.hf
