[[1], [[5], [6], []], [[2], [4], [3]]]
[1, 0, -1, 1]
