7
Hello There Mate!
3.1415
True
[1, 2, 3, 4]
[Bob, Ann, Cate]
[1, 2, 3, 4, 5]
[1, 51, 79]